// Jest Snapshot v1, https://goo.gl/fbAQLP

exports[`<Footer /> renders the <Footer /> with populated data 1`] = `
<div
  class="footer__Container-sc-1w1xots-0 guBHJA"
>
  <p
    class="footer__Title-sc-1w1xots-4 jxbuGW"
  >
    Questions? Contact us.
  </p>
  <div
    class="footer__Break-sc-1w1xots-6 UA-DFd"
  />
  <div
    class="footer__Row-sc-1w1xots-2 jovNMA"
  >
    <div
      class="footer__Column-sc-1w1xots-1 fyaKKj"
    >
      <a
        class="footer__Link-sc-1w1xots-3 jGmPdb"
        href="#"
      >
        FAQ
      </a>
      <a
        class="footer__Link-sc-1w1xots-3 jGmPdb"
        href="#"
      >
        Investor Relations
      </a>
      <a
        class="footer__Link-sc-1w1xots-3 jGmPdb"
        href="#"
      >
        Ways to Watch
      </a>
      <a
        class="footer__Link-sc-1w1xots-3 jGmPdb"
        href="#"
      >
        Corporate Information
      </a>
      <a
        class="footer__Link-sc-1w1xots-3 jGmPdb"
        href="#"
      >
        Netflix Originals
      </a>
    </div>
    <div
      class="footer__Column-sc-1w1xots-1 fyaKKj"
    >
      <a
        class="footer__Link-sc-1w1xots-3 jGmPdb"
        href="#"
      >
        Help Centre
      </a>
      <a
        class="footer__Link-sc-1w1xots-3 jGmPdb"
        href="#"
      >
        Jobs
      </a>
      <a
        class="footer__Link-sc-1w1xots-3 jGmPdb"
        href="#"
      >
        Terms of Use
      </a>
      <a
        class="footer__Link-sc-1w1xots-3 jGmPdb"
        href="#"
      >
        Contact Us
      </a>
    </div>
    <div
      class="footer__Column-sc-1w1xots-1 fyaKKj"
    >
      <a
        class="footer__Link-sc-1w1xots-3 jGmPdb"
        href="#"
      >
        Account
      </a>
      <a
        class="footer__Link-sc-1w1xots-3 jGmPdb"
        href="#"
      >
        Redeem gift cards
      </a>
      <a
        class="footer__Link-sc-1w1xots-3 jGmPdb"
        href="#"
      >
        Privacy
      </a>
      <a
        class="footer__Link-sc-1w1xots-3 jGmPdb"
        href="#"
      >
        Speed Test
      </a>
    </div>
    <div
      class="footer__Column-sc-1w1xots-1 fyaKKj"
    >
      <a
        class="footer__Link-sc-1w1xots-3 jGmPdb"
        href="#"
      >
        Media Centre
      </a>
      <a
        class="footer__Link-sc-1w1xots-3 jGmPdb"
        href="#"
      >
        Buy gift cards
      </a>
      <a
        class="footer__Link-sc-1w1xots-3 jGmPdb"
        href="#"
      >
        Cookie Preferences
      </a>
      <a
        class="footer__Link-sc-1w1xots-3 jGmPdb"
        href="#"
      >
        Legal Notices
      </a>
    </div>
  </div>
  <div
    class="footer__Break-sc-1w1xots-6 UA-DFd"
  />
  <p
    class="footer__Text-sc-1w1xots-5 eyWwaj"
  >
    Netflix United Kingdom
  </p>
</div>
`;
